FAST MODE — estimated time: ~2 min
============================================================
[data] Repo already present at /tmp/headley
[data] Found 15 CSVs in /tmp/headley/data

[data] Loading /tmp/headley/data/Figure4a.csv
  firing-rate claims: control=5.50, distal=0.20 (0.0s)
  na-spikes-couple-2to3ms-before-ap: [-2, -3, -1, -2] → PASS (0.0s)
  nmda-spikes-couple-25ms-before-ap: [-10, -15, -20, -20] → PASS (0.0s)
  ca-spikes-couple-20ms-before-ap: tuft=-25ms, mid=[-5, -5, -5, -5, -5, -5] → PASS (0.0s)
  gamma-perisomatic-no-dendritic-spike-change: na: 2.12→2.27 Hz (6.7%), nmda: 4.28→4.19 Hz (1.9%), ca: 4.86→4.84 Hz (0.3%) → PASS (0.0s)
  perisomatic-inhib-subtractive-divisive: threshold 100→400, max 19→15 → PASS (0.0s)

[figures] Running figures/generate_figures.py ...
Generating Headley 2026 figure panels...
[saved] figures/fig4a-firing-rates.png  (24 KB)
[saved] figures/fig3a-nmda-coupling.png  (40 KB)
[saved] figures/fig2b-na-coupling.png  (38 KB)
Done.
[figures] Figure generation complete.

============================================================
SUMMARY

-------------------------------------------------+----------------------------+------------------------------------------+-------
CLAIM SLUG                                       | PAPER VALUE                | REPRODUCED                               | STATUS
-------------------------------------------------+----------------------------+------------------------------------------+-------
distal-inhib-drops-firing-02hz                   | control=5.5 Hz, distal×2=0.2 Hz | control=5.50, dendritic=0.20 Hz          | PASS  
perisomatic-inhib-drops-firing-07hz              | control=5.5 Hz, perisomatic×2=0.7 Hz | control=5.50, somatic=0.70 Hz            | PASS  
na-spikes-couple-2to3ms-before-ap                | Na+ peak -1 to -3 ms before AP (proximal) | proximal peak times: ['-2', '-3', '-1', '-2'] ms | PASS  
nmda-spikes-couple-25ms-before-ap                | NMDA peak -15 to -25 ms before AP (distal) | distal peak times: ['-10', '-15', '-20', '-20'] ms | PASS  
ca-spikes-couple-20ms-before-ap                  | ~20 ms before AP (distal apical tuft) | most-distal(dist=9)=-25ms, mid(dist 2-7)=['-5', '-5', '-5', '-5', '-5', '-5']ms | PASS  
gamma-perisomatic-no-dendritic-spike-change      | control roughly equals somatic for Na/NMDA/Ca dendritic spike freq (static case) | na: 2.12→2.27 Hz (6.7%), nmda: 4.28→4.19 Hz (1.9%), ca: 4.86→4.84 Hz (0.3%) | PASS  
perisomatic-inhib-subtractive-divisive           | threshold 100→400 pA (subtractive), max rate 19→15 Hz (divisive) | threshold 100→400 pA, max 19→15 Hz       | PASS  
-------------------------------------------------+----------------------------+------------------------------------------+-------

7/7 claims verified (0 WARN, 0 FAIL)
